// Jest Snapshot v1, https://goo.gl/fbAQLP

exports[`Pruebas en <CounterApp /> debe de mostrar <CounterApp /> correctamente 1`] = `
<Fragment>
  <h1>
    CounterApp
  </h1>
  <h2>
    10
  </h2>
  <button
    className="btn btn-primary me-2"
    onClick={[Function]}
  >
    +1
  </button>
  <button
    className="btn btn-success me-2"
    onClick={[Function]}
  >
    Reset
  </button>
  <button
    className="btn btn-danger me-2"
    onClick={[Function]}
  >
    -1
  </button>
</Fragment>
`;
